[{"timestamp": 1614988800, "0": 9548839.903973747, "1": 1628198.2575508617},
{"timestamp": 1614989100, "0": 9025430.947410526, "1": 1864295.3934458161},
{"timestamp": 1614989400, "0": 9231762.423473753, "1": 1789026.8521272794},
{"timestamp": 1614989700, "0": 8999683.403733335, "1": 2184081.1739555555},
{"timestamp": 1614990000, "0": 9511085.382355554, "1": 2194195.300488889},
{"timestamp": 1614990300, "0": 9286563.04511111, "1": 1861297.255066667},
{"timestamp": 1614990600, "0": 9428091.134085935, "1": 1957257.2434446656},
{"timestamp": 1614990900, "0": 9773975.955412837, "1": 2181637.295562543},
{"timestamp": 1614991200, "0": 10199153.867167892, "1": 2111036.9470816795},
{"timestamp": 1614991500, "0": 10102714.4270796, "1": 1991267.1254489783},
{"timestamp": 1614991800, "0": 9867883.836153625, "1": 2114918.160345337},
{"timestamp": 1614992100, "0": 8818085.826855665, "1": 1668526.408427907},
{"timestamp": 1614992400, "0": 9313335.044711111, "1": 1672955.6202222223},
{"timestamp": 1614992700, "0": 8993553.3984, "1": 1644094.8210222223},
{"timestamp": 1614993000, "0": 9194855.720977778, "1": 1720988.99},
{"timestamp": 1614993300, "0": 9146383.763422223, "1": 1779071.4323999998},
{"timestamp": 1614993600, "0": 9230588.160044443, "1": 1804275.5761333331},
{"timestamp": 1614993900, "0": 9407655.491688887, "1": 1886803.223422222},
{"timestamp": 1614994200, "0": 9570190.258381717, "1": 2051755.448115942},
{"timestamp": 1614994500, "0": 9319137.596984949, "1": 1927646.3549173912},
{"timestamp": 1614994800, "0": 9802278.004546512, "1": 1949587.588882503},
{"timestamp": 1614995100, "0": 10157696.28808682, "1": 1887358.6343063863},
{"timestamp": 1614995400, "0": 9790916.265600001, "1": 1935967.1119111108},
{"timestamp": 1614995700, "0": 9619810.071333334, "1": 1842177.580222222},
{"timestamp": 1614996000, "0": 9881021.584273355, "1": 1961949.5647659604},
{"timestamp": 1614996300, "0": 9538540.777193312, "1": 1905139.6770451502},
{"timestamp": 1614996600, "0": 9862012.987233331, "1": 1978876.817166667},
{"timestamp": 1614996900, "0": 9932042.194242194, "1": 1960197.2956013286},
{"timestamp": 1614997200, "0": 9743024.84336892, "1": 1968210.0867986712},
{"timestamp": 1614997500, "0": 10024632.283555556, "1": 1929334.7646222222},
{"timestamp": 1614997800, "0": 9938064.834266666, "1": 1808526.8367555558},
{"timestamp": 1614998100, "0": 9847727.08128948, "1": 2002292.9427427093},
{"timestamp": 1614998400, "0": 10612631.169419106, "1": 1899446.5509622328},
{"timestamp": 1614998700, "0": 9613546.699602526, "1": 1801791.5807839464},
{"timestamp": 1614999000, "0": 9912349.020731922, "1": 1915334.058502564},
{"timestamp": 1614999300, "0": 10175456.162190301, "1": 1940490.2854307692},
{"timestamp": 1614999600, "0": 10575641.177746067, "1": 1875588.5495585823},
{"timestamp": 1614999900, "0": 10334443.585287264, "1": 1907343.517174751},
{"timestamp": 1615000200, "0": 10585189.94662698, "1": 2080239.3385716835},
{"timestamp": 1615000500, "0": 9857245.168417983, "1": 2160687.0799235543},
{"timestamp": 1615000800, "0": 9630206.513399482, "1": 1915026.6354158728},
{"timestamp": 1615001100, "0": 10100545.315333335, "1": 1979943.7529333334},
{"timestamp": 1615001400, "0": 10010694.634711111, "1": 1998510.3826222224},
{"timestamp": 1615001700, "0": 9937272.600222223, "1": 1801047.1113777778},
{"timestamp": 1615002000, "0": 11135957.47857778, "1": 1765072.2928888889},
{"timestamp": 1615002300, "0": 10651782.385866668, "1": 1766268.5329333334},
{"timestamp": 1615002600, "0": 9858618.022533333, "1": 2040588.2375999999},
{"timestamp": 1615002900, "0": 9133141.494622223, "1": 1748779.3870222222},
{"timestamp": 1615003200, "0": 10323663.585580083, "1": 1754598.82479673},
{"timestamp": 1615003500, "0": 9932184.40024214, "1": 1770119.5808143811},
{"timestamp": 1615003800, "0": 10371683.466419932, "1": 2148077.9154158356},
{"timestamp": 1615004100, "0": 9594375.666907217, "1": 1797834.163360102},
{"timestamp": 1615004400, "0": 9756405.175650029, "1": 1916065.5503169028},
{"timestamp": 1615004700, "0": 9419302.605867261, "1": 1796091.9608071588},
{"timestamp": 1615005000, "0": 9363686.018933333, "1": 1597490.1771111109},
{"timestamp": 1615005300, "0": 10039671.04237919, "1": 1521738.5447609066},
{"timestamp": 1615005600, "0": 9290251.687195415, "1": 1640450.898527539},
{"timestamp": 1615005900, "0": 9078300.040736508, "1": 1575263.9142671097},
{"timestamp": 1615006200, "0": 8989277.211555554, "1": 1496783.1821777776},
{"timestamp": 1615006500, "0": 9128309.930044444, "1": 1485246.3518666667},
{"timestamp": 1615006800, "0": 8681884.185999999, "1": 1473796.4069777776},
{"timestamp": 1615007100, "0": 8039661.909377777, "1": 1588127.4903111113},
{"timestamp": 1615007400, "0": 8194984.884444445, "1": 1500539.5341777776},
{"timestamp": 1615007700, "0": 7450904.165733333, "1": 1324061.5765333332},
{"timestamp": 1615008000, "0": 7858739.687644445, "1": 1234332.8757777775},
{"timestamp": 1615008300, "0": 8167138.585911112, "1": 1372817.7725333334},
{"timestamp": 1615008600, "0": 7895314.064622222, "1": 1372973.9084},
{"timestamp": 1614988800, "0": 3.5319999999999996, "1": 3.0104, "2": 2.7665333333333333},
{"timestamp": 1614989100, "0": 1.9714666666666665, "1": 3.0002666666666666, "2": 2.8982666666666668},
{"timestamp": 1614989400, "0": 1.4862666666666666, "1": 2.4869333333333334, "2": 2.771733333333333},
{"timestamp": 1614989700, "0": 2.407466666666666, "1": 2.6378666666666666, "2": 2.779866666666667},
{"timestamp": 1614990000, "0": 1.1669333333333334, "1": 2.067733333333333, "2": 2.5530666666666666},
{"timestamp": 1614990300, "0": 1.9169999999999996, "1": 2.394333333333333, "2": 2.6188333333333333},
{"timestamp": 1614990600, "0": 3.252133333333333, "1": 3.1005333333333334, "2": 2.8864},
{"timestamp": 1614990900, "0": 2.5521666666666665, "1": 2.9231666666666665, "2": 2.8998333333333335},
{"timestamp": 1614991200, "0": 1.9991666666666668, "1": 2.851166666666667, "2": 2.959},
{"timestamp": 1614991500, "0": 1.7933333333333332, "1": 2.5746666666666664, "2": 2.8419999999999996},
{"timestamp": 1614991800, "0": 1.2374666666666667, "1": 2.3036, "2": 2.711733333333333},
{"timestamp": 1614992100, "0": 0.8464999999999999, "1": 1.8476666666666666, "2": 2.464166666666667},
{"timestamp": 1614992400, "0": 1.6688, "1": 2.4517333333333333, "2": 2.647466666666667},
{"timestamp": 1614992700, "0": 0.9523333333333333, "1": 2.2829999999999995, "2": 2.6106666666666665},
{"timestamp": 1614993000, "0": 2.0905, "1": 2.5651666666666664, "2": 2.6886666666666663},
{"timestamp": 1614993300, "0": 1.3331666666666668, "1": 2.235666666666667, "2": 2.572},
{"timestamp": 1614993600, "0": 1.3101666666666667, "1": 2.2594999999999996, "2": 2.57},
{"timestamp": 1614993900, "0": 2.099333333333333, "1": 2.2896, "2": 2.530533333333333},
{"timestamp": 1614994200, "0": 2.2476666666666665, "1": 2.585, "2": 2.6283333333333334},
{"timestamp": 1614994500, "0": 2.102, "1": 2.59, "2": 2.6793333333333336},
{"timestamp": 1614994800, "0": 1.7349333333333334, "1": 2.59, "2": 2.7392000000000003},
{"timestamp": 1614995100, "0": 2.223333333333333, "1": 2.5110666666666663, "2": 2.690666666666667},
{"timestamp": 1614995400, "0": 2.1115999999999997, "1": 2.7566666666666664, "2": 2.8084},
{"timestamp": 1614995700, "0": 1.6561333333333332, "1": 2.5330666666666666, "2": 2.7508},
{"timestamp": 1614996000, "0": 3.3964000000000008, "1": 3.260133333333333, "2": 3.0361333333333334},
{"timestamp": 1614996300, "0": 2.6923333333333335, "1": 2.8373333333333335, "2": 2.9515000000000002},
{"timestamp": 1614996600, "0": 1.0322666666666667, "1": 2.1393333333333335, "2": 2.673733333333333},
{"timestamp": 1614996900, "0": 1.3948, "1": 2.297733333333333, "2": 2.660133333333333},
{"timestamp": 1614997200, "0": 1.5776000000000001, "1": 2.3394666666666666, "2": 2.6501333333333332},
{"timestamp": 1614997500, "0": 1.4521666666666666, "1": 2.1630000000000003, "2": 2.5221666666666667},
{"timestamp": 1614997800, "0": 1.9235999999999998, "1": 2.4264, "2": 2.5693333333333332},
{"timestamp": 1614998100, "0": 1.3498333333333332, "1": 2.1841666666666666, "2": 2.4815},
{"timestamp": 1614998400, "0": 1.9398333333333335, "1": 2.4455, "2": 2.548833333333333},
{"timestamp": 1614998700, "0": 1.8123333333333336, "1": 2.3811666666666667, "2": 2.5401666666666665},
{"timestamp": 1614999000, "0": 1.1094666666666668, "1": 2.2418666666666667, "2": 2.5103999999999997},
{"timestamp": 1614999300, "0": 1.4650666666666665, "1": 2.0821333333333336, "2": 2.4310666666666667},
{"timestamp": 1614999600, "0": 2.1804, "1": 2.524, "2": 2.5780000000000003},
{"timestamp": 1614999900, "0": 1.4894666666666665, "1": 2.1353333333333335, "2": 2.4517333333333338},
{"timestamp": 1615000200, "0": 1.3221333333333334, "1": 1.9523999999999997, "2": 2.3414666666666664},
{"timestamp": 1615000500, "0": 2.1290666666666667, "1": 2.650533333333333, "2": 2.5965333333333334},
{"timestamp": 1615000800, "0": 0.8474666666666666, "1": 1.9792, "2": 2.3730666666666664},
{"timestamp": 1615001100, "0": 1.964666666666667, "1": 2.4139999999999997, "2": 2.518},
{"timestamp": 1615001400, "0": 1.1736666666666666, "1": 2.2430000000000003, "2": 2.4708333333333337},
{"timestamp": 1615001700, "0": 2.172833333333333, "1": 2.3875, "2": 2.5191666666666666},
{"timestamp": 1615002000, "0": 1.6786666666666665, "1": 2.5768333333333335, "2": 2.6478333333333333},
{"timestamp": 1615002300, "0": 1.5516, "1": 2.4024, "2": 2.6204},
{"timestamp": 1615002600, "0": 1.7073333333333336, "1": 2.2623333333333333, "2": 2.5511666666666666},
{"timestamp": 1615002900, "0": 1.9764000000000002, "1": 2.2994666666666665, "2": 2.530266666666667},
{"timestamp": 1615003200, "0": 2.7568333333333332, "1": 2.7916666666666665, "2": 2.6971666666666665},
{"timestamp": 1615003500, "0": 1.2406666666666666, "1": 2.4152, "2": 2.6210666666666667},
{"timestamp": 1615003800, "0": 2.0586666666666664, "1": 2.3508, "2": 2.5706666666666664},
{"timestamp": 1615004100, "0": 2.0404999999999998, "1": 2.1336666666666666, "2": 2.4225},
{"timestamp": 1615004400, "0": 1.6871999999999998, "1": 2.3553999999999995, "2": 2.4886},
{"timestamp": 1615004700, "0": 1.4826666666666668, "1": 2.1232, "2": 2.4012000000000002},
{"timestamp": 1615005000, "0": 1.9520000000000002, "1": 2.4248333333333334, "2": 2.5081666666666664},
{"timestamp": 1615005300, "0": 1.5752, "1": 2.4398666666666666, "2": 2.559333333333333},
{"timestamp": 1615005600, "0": 1.7377333333333331, "1": 2.4104, "2": 2.5698666666666665},
{"timestamp": 1615005900, "0": 1.4941666666666666, "1": 2.518166666666666, "2": 2.638833333333334},
{"timestamp": 1615006200, "0": 1.4110666666666665, "1": 2.4509333333333334, "2": 2.6498666666666666},
{"timestamp": 1615006500, "0": 1.784933333333333, "1": 2.598, "2": 2.7289333333333334},
{"timestamp": 1615006800, "0": 1.9866666666666666, "1": 2.668833333333333, "2": 2.769333333333333},
{"timestamp": 1615007100, "0": 2.0985333333333336, "1": 2.6009333333333333, "2": 2.77},
{"timestamp": 1615007400, "0": 1.1265, "1": 2.2558333333333334, "2": 2.652},
{"timestamp": 1615007700, "0": 1.4356, "1": 2.2204, "2": 2.5908},
{"timestamp": 1615008000, "0": 1.933333333333333, "1": 2.0917333333333334, "2": 2.4716},
{"timestamp": 1615008300, "0": 2.952833333333334, "1": 2.4735, "2": 2.5486666666666666}]