[
  {
    "timestamp": 1552654426,
    "properties": {
      "target_type": "gauge",
      "cpu": "cpu-total-usage",
      "zone": "GEO",
      "host": "msk-air-trn5",
      "measurement_category": "cpu_test",
      "what": "usage_active",
      "test": "val"
    },
    "value": 0.204
  },
  {
    "timestamp": 1552654426,
    "properties": {
      "target_type": "gauge",
      "cpu": "cpu-total-usage",
      "zone": "GEO",
      "host": "msk-air-trn5",
      "measurement_category": "cpu_test",
      "what": "usage_idle",
      "test": "val"
    },
    "value": 62.53
  },
  {
    "timestamp": 1552754426,
    "properties": {
      "target_type": "gauge",
      "cpu": "cpu-total-usage",
      "zone": "GF",
      "host": "msk-air-trn1",
      "measurement_category": "cpu_test",
      "what": "usage_active",
      "test": "val"
    },
    "value": 0.224
  },
  {
    "timestamp": 1552754426,
    "properties": {
      "target_type": "gauge",
      "cpu": "cpu-total-usage",
      "zone": "GF",
      "host": "msk-air-trn1",
      "measurement_category": "cpu_test",
      "what": "usage_idle",
      "test": "val"
    },
    "value": 14.247
  },
  {
    "timestamp": 1552854426,
    "properties": {
      "target_type": "gauge",
      "cpu": "cpu-total-usage",
      "zone": "GF",
      "host": "msk-air-trn1",
      "measurement_category": "cpu_test",
      "what": "usage_active",
      "test": "val"
    },
    "value": 0.22432747346756737
  },
  {
    "timestamp": 1552854426,
    "properties": {
      "target_type": "gauge",
      "cpu": "cpu-total-usage",
      "zone": "GF",
      "host": "msk-air-trn1",
      "measurement_category": "cpu_test",
      "what": "usage_idle",
      "test": "val"
    },
    "value": 14.247
  },
  {
    "timestamp": 1552954426,
    "properties": {
      "target_type": "gauge",
      "cpu": "cpu-total-usage",
      "host": "msk-air-trn1",
      "measurement_category": "cpu_test",
      "what": "usage_active",
      "test": "val"
    },
    "value": 0.224
  },
  {
    "timestamp": 1552954426,
    "properties": {
      "target_type": "gauge",
      "cpu": "cpu-total-usage",
      "host": "msk-air-trn1",
      "measurement_category": "cpu_test",
      "what": "usage_idle",
      "test": "val"
    },
    "value": 14.247
  },
  {
    "timestamp": 1553054426,
    "properties": {
      "target_type": "gauge",
      "cpu": "cpu-total-usage",
      "zone": "GF",
      "host": "msk-air-trn1",
      "measurement_category": "cpu_test",
      "what": "usage_active",
      "test": "val"
    },
    "value": 0.504
  },
  {
    "timestamp": 1553054426,
    "properties": {
      "target_type": "gauge",
      "cpu": "cpu-total-usage",
      "zone": "GF",
      "host": "msk-air-trn1",
      "measurement_category": "cpu_test",
      "what": "usage_idle",
      "test": "val"
    },
    "value": 260404905034043060000
  },
  {
    "timestamp": 1553154426,
    "properties": {
      "target_type": "gauge",
      "cpu": "cpu-total-usage",
      "zone": "GEO",
      "host": "msk-air-trn1",
      "measurement_category": "cpu_test",
      "what": "usage_active",
      "test": "val"
    },
    "value": 0.504
  },
  {
    "timestamp": 1553154426,
    "properties": {
      "target_type": "gauge",
      "cpu": "cpu-total-usage",
      "zone": "GEO",
      "host": "msk-air-trn1",
      "measurement_category": "cpu_test",
      "what": "usage_idle",
      "test": "val"
    },
    "value": 26
  }
]