[
  {
    "timestamp": 1552654426.147,
    "properties": {
      "target_type": "gauge",
      "cp_u": "cpu-total-usage",
      "zone": "GEO",
      "host": "msk-air-trn5",
      "measurement_category": "cpu_test",
      "what": "usage_active"
    },
    "tags": {
      "source": ["anodot-agent"],
      "source_host_id": ["ABCDEF"],
      "source_host_name": ["agent"],
      "pipeline_id": ["pipeline_id"],
      "pipeline_type": ["influx"]
    },
    "value": 0.204
  },
  {
    "timestamp": 1552654426.147,
    "properties": {
      "target_type": "gauge",
      "cp_u": "cpu-total-usage",
      "zone": "GEO",
      "host": "msk-air-trn5",
      "measurement_category": "cpu_test",
      "what": "usage_idle"
    },
    "tags": {
      "source": ["anodot-agent"],
      "source_host_id": ["ABCDEF"],
      "source_host_name": ["agent"],
       "pipeline_id": ["pipeline_id"],
      "pipeline_type": ["influx"]},
    "value": 62.53
  },
  {
    "timestamp": 1552754426.174,
    "properties": {
      "target_type": "gauge",
      "cp_u": "cpu-total-usage",
      "zone": "GF",
      "host": "msk_a_ir_trn1",
      "measurement_category": "cpu_test",
      "what": "usage_active"
    },
    "tags": {
      "source": ["anodot-agent"],
      "source_host_id": ["ABCDEF"],
      "source_host_name": ["agent"],
       "pipeline_id": ["pipeline_id"],
      "pipeline_type": ["influx"]},
    "value": 0.224
  },
  {
    "timestamp": 1552754426.174,
    "properties": {
      "target_type": "gauge",
      "cp_u": "cpu-total-usage",
      "zone": "GF",
      "host": "msk_a_ir_trn1",
      "measurement_category": "cpu_test",
      "what": "usage_idle"
    },
    "tags": {
      "source": ["anodot-agent"],
      "source_host_id": ["ABCDEF"],
      "source_host_name": ["agent"],
       "pipeline_id": ["pipeline_id"],
      "pipeline_type": ["influx"]},
    "value": 14.247
  },
  {
    "timestamp": 1552854426.174,
    "properties": {
      "target_type": "gauge",
      "cp_u": "cpu-total-usage",
      "zone": "GF",
      "host": "msk_air_trn1",
      "measurement_category": "cpu_test",
      "what": "usage_active"
    },
    "tags": {
      "source": ["anodot-agent"],
      "source_host_id": ["ABCDEF"],
      "source_host_name": ["agent"],
       "pipeline_id": ["pipeline_id"],
      "pipeline_type": ["influx"]},
    "value": 0.22432747346756737
  },
  {
    "timestamp": 1552854426.174,
    "properties": {
      "target_type": "gauge",
      "cp_u": "cpu-total-usage",
      "zone": "GF",
      "host": "msk_air_trn1",
      "measurement_category": "cpu_test",
      "what": "usage_idle"
    },
    "tags": {
      "source": ["anodot-agent"],
      "source_host_id": ["ABCDEF"],
      "source_host_name": ["agent"],
       "pipeline_id": ["pipeline_id"],
      "pipeline_type": ["influx"]},
    "value": 14.247
  },
  {
    "timestamp": 1552954426.168,
    "properties": {
      "target_type": "gauge",
      "cp_u": "cpu-total-usage",
      "host": "msk-air-trn1",
      "measurement_category": "cpu_test",
      "what": "usage_active"
    },
    "tags": {
      "source": ["anodot-agent"],
      "source_host_id": ["ABCDEF"],
      "source_host_name": ["agent"],
       "pipeline_id": ["pipeline_id"],
      "pipeline_type": ["influx"]},
    "value": 0.224
  },
  {
    "timestamp": 1552954426.168,
    "properties": {
      "target_type": "gauge",
      "cp_u": "cpu-total-usage",
      "host": "msk-air-trn1",
      "measurement_category": "cpu_test",
      "what": "usage_idle"
    },
    "tags": {
      "source": ["anodot-agent"],
      "source_host_id": ["ABCDEF"],
      "source_host_name": ["agent"],
       "pipeline_id": ["pipeline_id"],
      "pipeline_type": ["influx"]},
    "value": 14.247
  },
  {
    "timestamp": 1553054426.168,
    "properties": {
      "target_type": "gauge",
      "cp_u": "cpu-total-usage",
      "zone": "GF",
      "host": "msk-air-trn1",
      "measurement_category": "cpu_test",
      "what": "usage_active"
    },
    "tags": {
      "source": ["anodot-agent"],
      "source_host_id": ["ABCDEF"],
      "source_host_name": ["agent"],
       "pipeline_id": ["pipeline_id"],
      "pipeline_type": ["influx"]},
    "value": 0.504
  },
  {
    "timestamp": 1553054426.168,
    "properties": {
      "target_type": "gauge",
      "cp_u": "cpu-total-usage",
      "zone": "GF",
      "host": "msk-air-trn1",
      "measurement_category": "cpu_test",
      "what": "usage_idle"
    },
    "tags": {
      "source": ["anodot-agent"],
      "source_host_id": ["ABCDEF"],
      "source_host_name": ["agent"],
       "pipeline_id": ["pipeline_id"],
      "pipeline_type": ["influx"]},
    "value": 260404905034043060000
  },
  {
    "timestamp": 1553154426.168,
    "properties": {
      "target_type": "gauge",
      "cp_u": "cpu-total-usage",
      "zone": "GEO",
      "host": "msk-air-trn1",
      "measurement_category": "cpu_test",
      "what": "usage_active"
    },
    "tags": {
      "source": ["anodot-agent"],
      "source_host_id": ["ABCDEF"],
      "source_host_name": ["agent"],
       "pipeline_id": ["pipeline_id"],
      "pipeline_type": ["influx"]},
    "value": 0.504
  },
  {
    "timestamp": 1553154426.168,
    "properties": {
      "target_type": "gauge",
      "cp_u": "cpu-total-usage",
      "zone": "GEO",
      "host": "msk-air-trn1",
      "measurement_category": "cpu_test",
      "what": "usage_idle"
    },
    "tags": {
      "source": ["anodot-agent"],
      "source_host_id": ["ABCDEF"],
      "source_host_name": ["agent"],
       "pipeline_id": ["pipeline_id"],
      "pipeline_type": ["influx"]},
    "value": 26
  }
]