[
  {
    "timestamp": 1552654426,
    "dimensions": {
      "zone": "GEO",
      "cpu": "cpu-total-usage"
    },
    "measurements": {
      "usage_idle": 62.53
    },
    "schemaId": "test_influx2-1234",
    "tags": {
      "source": [
        "anodot-agent"
      ],
      "source_host_id": [
        "ABCDEF"
      ],
      "source_host_name": [
        "agent"
      ],
      "pipeline_id": [
        "influx2"
      ],
      "pipeline_type": [
        "influx2"
      ]
    }
  },
  {
    "timestamp": 1552754426,
    "dimensions": {
      "zone": "GF",
      "cpu": "cpu-total-usage"
    },
    "measurements": {
      "usage_idle": 14.247
    },
    "schemaId": "test_influx2-1234",
    "tags": {
      "source": [
        "anodot-agent"
      ],
      "source_host_id": [
        "ABCDEF"
      ],
      "source_host_name": [
        "agent"
      ],
      "pipeline_id": [
        "influx2"
      ],
      "pipeline_type": [
        "influx2"
      ]
    }
  },
  {
    "timestamp": 1552854426,
    "dimensions": {
      "zone": "GF",
      "cpu": "cpu-total-usage"
    },
    "measurements": {
      "usage_idle": 14.247
    },
    "schemaId": "test_influx2-1234",
    "tags": {
      "source": [
        "anodot-agent"
      ],
      "source_host_id": [
        "ABCDEF"
      ],
      "source_host_name": [
        "agent"
      ],
      "pipeline_id": [
        "influx2"
      ],
      "pipeline_type": [
        "influx2"
      ]
    }
  },
  {
    "timestamp": 1552954426,
    "dimensions": {
      "cpu": "cpu-total-usage"
    },
    "measurements": {
      "usage_idle": 14.247
    },
    "schemaId": "test_influx2-1234",
    "tags": {
      "source": [
        "anodot-agent"
      ],
      "source_host_id": [
        "ABCDEF"
      ],
      "source_host_name": [
        "agent"
      ],
      "pipeline_id": [
        "influx2"
      ],
      "pipeline_type": [
        "influx2"
      ]
    }
  },
  {
    "timestamp": 1553154426,
    "dimensions": {
      "zone": "GEO",
      "cpu": "cpu-total-usage"
    },
    "measurements": {
      "usage_idle": 26.0
    },
    "schemaId": "test_influx2-1234",
    "tags": {
      "source": [
        "anodot-agent"
      ],
      "source_host_id": [
        "ABCDEF"
      ],
      "source_host_name": [
        "agent"
      ],
      "pipeline_id": [
        "influx2"
      ],
      "pipeline_type": [
        "influx2"
      ]
    }
  }
]
