[
  {
    "timestamp": 1552654426,
    "properties": {
      "target_type": "gauge",
      "test": "val",
      "host": "msk-air-trn5ґ",
      "zone": "US",
      "measurement_category": "cpu_test",
      "tag_to_group_by": "dummy_value1",
      "what": "usage_active"
    },
    "tags": {
      "source": [
        "anodot-agent"
      ],
      "source_host_id": [
        "ABCDEF"
      ],
      "source_host_name": [
        "agent"
      ],
      "pipeline_id": [
        "test_influx_file_transform"
      ],
      "pipeline_type": [
        "influx"
      ]
    },
    "value": 0.204
  },
  {
    "timestamp": 1552754426,
    "properties": {
      "target_type": "gauge",
      "test": "val",
      "host": "msk_a_ir_trn1",
      "zone": "US",
      "measurement_category": "cpu_test",
      "tag_to_group_by": "dummy_value2",
      "what": "usage_active"
    },
    "tags": {
      "source": [
        "anodot-agent"
      ],
      "source_host_id": [
        "ABCDEF"
      ],
      "source_host_name": [
        "agent"
      ],
      "pipeline_id": [
        "test_influx_file_transform"
      ],
      "pipeline_type": [
        "influx"
      ]
    },
    "value": 0.224
  },
  {
    "timestamp": 1552854426,
    "properties": {
      "target_type": "gauge",
      "test": "val",
      "host": "msk_air_trn1",
      "zone": "US",
      "measurement_category": "cpu_test",
      "tag_to_group_by": "dummy_value3",
      "what": "usage_active"
    },
    "tags": {
      "source": [
        "anodot-agent"
      ],
      "source_host_id": [
        "ABCDEF"
      ],
      "source_host_name": [
        "agent"
      ],
      "pipeline_id": [
        "test_influx_file_transform"
      ],
      "pipeline_type": [
        "influx"
      ]
    },
    "value": 0.22432747346756737
  },
  {
    "timestamp": 1552954426,
    "properties": {
      "target_type": "gauge",
      "test": "val",
      "host": "msk-air-trn1",
      "zone": "US",
      "measurement_category": "cpu_test",
      "tag_to_group_by": "dummy_value4",
      "what": "usage_active"
    },
    "tags": {
      "source": [
        "anodot-agent"
      ],
      "source_host_id": [
        "ABCDEF"
      ],
      "source_host_name": [
        "agent"
      ],
      "pipeline_id": [
        "test_influx_file_transform"
      ],
      "pipeline_type": [
        "influx"
      ]
    },
    "value": 0.224
  },
  {
    "timestamp": 1553054426,
    "properties": {
      "target_type": "gauge",
      "test": "val",
      "host": "msk-air-trn1",
      "zone": "US",
      "measurement_category": "cpu_test",
      "tag_to_group_by": "dummy_value5",
      "what": "usage_active"
    },
    "tags": {
      "source": [
        "anodot-agent"
      ],
      "source_host_id": [
        "ABCDEF"
      ],
      "source_host_name": [
        "agent"
      ],
      "pipeline_id": [
        "test_influx_file_transform"
      ],
      "pipeline_type": [
        "influx"
      ]
    },
    "value": 0.504
  },
  {
    "timestamp": 1553154426,
    "properties": {
      "target_type": "gauge",
      "test": "val",
      "host": "msk-air-trn1",
      "zone": "US",
      "measurement_category": "cpu_test",
      "tag_to_group_by": "dummy_value6",
      "what": "usage_active"
    },
    "tags": {
      "source": [
        "anodot-agent"
      ],
      "source_host_id": [
        "ABCDEF"
      ],
      "source_host_name": [
        "agent"
      ],
      "pipeline_id": [
        "test_influx_file_transform"
      ],
      "pipeline_type": [
        "influx"
      ]
    },
    "value": 0.504
  },
  {
    "timestamp": 1552654426,
    "properties": {
      "target_type": "gauge",
      "test": "val",
      "host": "msk-air-trn5ґ",
      "zone": "US",
      "measurement_category": "hdd_test",
      "what": "hdd_sum"
    },
    "tags": {
      "source": [
        "anodot-agent"
      ],
      "source_host_id": [
        "ABCDEF"
      ],
      "source_host_name": [
        "agent"
      ],
      "pipeline_id": [
        "test_influx_file_transform"
      ],
      "pipeline_type": [
        "influx"
      ]
    },
    "value": 10
  },
  {
    "timestamp": 1552754426,
    "properties": {
      "target_type": "gauge",
      "test": "val",
      "host": "msk_a_ir_trn1",
      "zone": "US",
      "measurement_category": "hdd_test",
      "what": "hdd_sum"
    },
    "tags": {
      "source": [
        "anodot-agent"
      ],
      "source_host_id": [
        "ABCDEF"
      ],
      "source_host_name": [
        "agent"
      ],
      "pipeline_id": [
        "test_influx_file_transform"
      ],
      "pipeline_type": [
        "influx"
      ]
    },
    "value": 10
  },
  {
    "timestamp": 1552854426,
    "properties": {
      "target_type": "gauge",
      "test": "val",
      "host": "msk_air_trn1",
      "zone": "US",
      "measurement_category": "hdd_test",
      "what": "hdd_sum"
    },
    "tags": {
      "source": [
        "anodot-agent"
      ],
      "source_host_id": [
        "ABCDEF"
      ],
      "source_host_name": [
        "agent"
      ],
      "pipeline_id": [
        "test_influx_file_transform"
      ],
      "pipeline_type": [
        "influx"
      ]
    },
    "value": 10
  },
  {
    "timestamp": 1552954426,
    "properties": {
      "target_type": "gauge",
      "test": "val",
      "host": "msk-air-trn1",
      "zone": "US",
      "measurement_category": "hdd_test",
      "what": "hdd_sum"
    },
    "tags": {
      "source": [
        "anodot-agent"
      ],
      "source_host_id": [
        "ABCDEF"
      ],
      "source_host_name": [
        "agent"
      ],
      "pipeline_id": [
        "test_influx_file_transform"
      ],
      "pipeline_type": [
        "influx"
      ]
    },
    "value": 10
  },
  {
    "timestamp": 1553054426,
    "properties": {
      "target_type": "gauge",
      "test": "val",
      "host": "msk-air-trn1",
      "zone": "US",
      "measurement_category": "hdd_test",
      "what": "hdd_sum"
    },
    "tags": {
      "source": [
        "anodot-agent"
      ],
      "source_host_id": [
        "ABCDEF"
      ],
      "source_host_name": [
        "agent"
      ],
      "pipeline_id": [
        "test_influx_file_transform"
      ],
      "pipeline_type": [
        "influx"
      ]
    },
    "value": 10
  },
  {
    "timestamp": 1553154426,
    "properties": {
      "target_type": "gauge",
      "test": "val",
      "host": "msk-air-trn1",
      "zone": "US",
      "measurement_category": "hdd_test",
      "what": "hdd_sum"
    },
    "tags": {
      "source": [
        "anodot-agent"
      ],
      "source_host_id": [
        "ABCDEF"
      ],
      "source_host_name": [
        "agent"
      ],
      "pipeline_id": [
        "test_influx_file_transform"
      ],
      "pipeline_type": [
        "influx"
      ]
    },
    "value": 10
  }
]