[
  {
    "timestamp": 1552654426,
    "dimensions": {
      "cpu": "cpu-total-usage",
      "zone": "GEO",
      "host": "msk-air-trn5Ò‘"
    },
    "measurements": {
      "usage_active": 0.204,
      "usage_idle": 62.53
    },
    "schemaId": "test_basic-1234",
    "tags": {
      "source": [
        "anodot-agent"
      ],
      "source_host_id": [
        "ABCDEF"
      ],
      "source_host_name": [
        "agent"
      ],
      "pipeline_id": [
        "test_basic"
      ],
      "pipeline_type": [
        "influx"
      ]
    }
  },
  {
    "timestamp": 1552754426,
    "dimensions": {
      "cpu": "cpu-total-usage",
      "zone": "GF",
      "host": "msk_a_ir_trn1"
    },
    "measurements": {
      "usage_active": 0.224,
      "usage_idle": 14.247
    },
    "schemaId": "test_basic-1234",
    "tags": {
      "source": [
        "anodot-agent"
      ],
      "source_host_id": [
        "ABCDEF"
      ],
      "source_host_name": [
        "agent"
      ],
      "pipeline_id": [
        "test_basic"
      ],
      "pipeline_type": [
        "influx"
      ]
    }
  },
  {
    "timestamp": 1552854426,
    "dimensions": {
      "cpu": "cpu-total-usage",
      "zone": "GF",
      "host": "msk_air_trn1"
    },
    "measurements": {
      "usage_active": 0.22432747346756737,
      "usage_idle": 14.247
    },
    "schemaId": "test_basic-1234",
    "tags": {
      "source": [
        "anodot-agent"
      ],
      "source_host_id": [
        "ABCDEF"
      ],
      "source_host_name": [
        "agent"
      ],
      "pipeline_id": [
        "test_basic"
      ],
      "pipeline_type": [
        "influx"
      ]
    }
  },
  {
    "timestamp": 1552954426,
    "dimensions": {
      "cpu": "cpu-total-usage",
      "host": "msk-air-trn1"
    },
    "measurements": {
      "usage_active": 0.224,
      "usage_idle": 14.247
    },
    "schemaId": "test_basic-1234",
    "tags": {
      "source": [
        "anodot-agent"
      ],
      "source_host_id": [
        "ABCDEF"
      ],
      "source_host_name": [
        "agent"
      ],
      "pipeline_id": [
        "test_basic"
      ],
      "pipeline_type": [
        "influx"
      ]
    }
  },
  {
    "timestamp": 1553154426,
    "dimensions": {
      "cpu": "cpu-total-usage",
      "zone": "GEO",
      "host": "msk-air-trn1"
    },
    "measurements": {
      "usage_active": 0.504,
      "usage_idle": 26
    },
    "schemaId": "test_basic-1234",
    "tags": {
      "source": [
        "anodot-agent"
      ],
      "source_host_id": [
        "ABCDEF"
      ],
      "source_host_name": [
        "agent"
      ],
      "pipeline_id": [
        "test_basic"
      ],
      "pipeline_type": [
        "influx"
      ]
    }
  }
]