[
  {
    "timestamp": 1512867600,
    "dimensions": {
      "adsize": "Sma_ll",
      "country": "中国"
    },
    "measurements": {
      "clicks": 6784.69,
      "impressions": 123
    },
    "schemaId": "111111-22222-3333-4444",
    "tags": {
      "source": [
        "anodot-agent"
      ],
      "source_host_id": [
        "ABCDEF"
      ],
      "source_host_name": [
        "agent"
      ],
      "pipeline_id": [
        "test_mysql"
      ],
      "pipeline_type": [
        "mysql"
      ]
    }
  },
  {
    "timestamp": 1512871200,
    "dimensions": {
      "adsize": "Sma_ll",
      "country": "USA"
    },
    "measurements": {
      "clicks": 6839.0,
      "impressions": 22
    },
    "schemaId": "111111-22222-3333-4444",
    "tags": {
      "source": [
        "anodot-agent"
      ],
      "source_host_id": [
        "ABCDEF"
      ],
      "source_host_name": [
        "agent"
      ],
      "pipeline_id": [
        "test_mysql"
      ],
      "pipeline_type": [
        "mysql"
      ]
    }
  },
  {
    "timestamp": 1512874800,
    "dimensions": {
      "adsize": "Sma_ll",
      "country": "USA"
    },
    "measurements": {
      "clicks": 690999.0,
      "impressions": 15
    },
    "schemaId": "111111-22222-3333-4444",
    "tags": {
      "source": [
        "anodot-agent"
      ],
      "source_host_id": [
        "ABCDEF"
      ],
      "source_host_name": [
        "agent"
      ],
      "pipeline_id": [
        "test_mysql"
      ],
      "pipeline_type": [
        "mysql"
      ]
    }
  },
  {
    "timestamp": 1512878400,
    "dimensions": {
      "adsize": "null",
      "country": "USA"
    },
    "measurements": {
      "clicks": 7158.97,
      "impressions": 3
    },
    "schemaId": "111111-22222-3333-4444",
    "tags": {
      "source": [
        "anodot-agent"
      ],
      "source_host_id": [
        "ABCDEF"
      ],
      "source_host_name": [
        "agent"
      ],
      "pipeline_id": [
        "test_mysql"
      ],
      "pipeline_type": [
        "mysql"
      ]
    }
  },
  {
    "timestamp": 1512885600,
    "dimensions": {
      "adsize": "Sma_ll",
      "country": "USA"
    },
    "measurements": {
      "impressions": 4
    },
    "schemaId": "111111-22222-3333-4444",
    "tags": {
      "source": [
        "anodot-agent"
      ],
      "source_host_id": [
        "ABCDEF"
      ],
      "source_host_name": [
        "agent"
      ],
      "pipeline_id": [
        "test_mysql"
      ],
      "pipeline_type": [
        "mysql"
      ]
    }
  },
  {
    "timestamp": 1512889200,
    "dimensions": {
      "adsize": "Sma_ll"
    },
    "measurements": {
      "clicks": 7427.77,
      "impressions": 0
    },
    "schemaId": "111111-22222-3333-4444",
    "tags": {
      "source": [
        "anodot-agent"
      ],
      "source_host_id": [
        "ABCDEF"
      ],
      "source_host_name": [
        "agent"
      ],
      "pipeline_id": [
        "test_mysql"
      ],
      "pipeline_type": [
        "mysql"
      ]
    }
  }
]
