[
  {
    "timestamp": 1512867600,
    "properties": {
      "table_name": "test",
      "adsize": "Sma_ll",
      "country": "USA",
      "what": "clicks",
      "target_type": "gauge",
      "key1": "val1",
      "key2": "val2"
    },
    "tags": {
      "source": ["anodot-agent"],
      "source_host_id": ["ABCDEF"],
      "source_host_name": ["agent"],
      "pipeline_id": ["pipeline_id"],
      "pipeline_type": ["type"]
    },
    "value": 6784.69
  },
  {
    "timestamp": 1512867600,
    "properties": {
      "table_name": "test",
      "adsize": "Sma_ll",
      "country": "USA",
      "what": "impressions",
      "target_type": "gauge",
      "key1": "val1",
      "key2": "val2"
    },
    "tags": {
      "source": ["anodot-agent"],
      "source_host_id": ["ABCDEF"],
      "source_host_name": ["agent"],
      "pipeline_id": ["pipeline_id"],
      "pipeline_type": ["type"]
    },
    "value": 123.0
  },
  {
    "timestamp": 1512867600,
    "properties": {
      "table_name": "test",
      "adsize": "Sma_ll",
      "country": "USA",
      "what": "test",
      "target_type": "counter",
      "key1": "val1",
      "key2": "val2"
    },
    "tags": {
      "source": ["anodot-agent"],
      "source_host_id": ["ABCDEF"],
      "source_host_name": ["agent"],
      "pipeline_id": ["pipeline_id"],
      "pipeline_type": ["type"]
    },
    "value": 1.0
  },
  {
    "timestamp": 1512871200,
    "properties": {
      "table_name": "test",
      "adsize": "Sma_ll",
      "country": "USA",
      "what": "clicks",
      "target_type": "gauge",
      "key1": "val1",
      "key2": "val2"
    },
    "tags": {
      "source": ["anodot-agent"],
      "source_host_id": ["ABCDEF"],
      "source_host_name": ["agent"],
      "pipeline_id": ["pipeline_id"],
      "pipeline_type": ["type"]
    },
    "value": 6839.0
  },
  {
    "timestamp": 1512871200,
    "properties": {
      "table_name": "test",
      "adsize": "Sma_ll",
      "country": "USA",
      "what": "impressions",
      "target_type": "gauge",
      "key1": "val1",
      "key2": "val2"
    },
    "tags": {
      "source": ["anodot-agent"],
      "source_host_id": ["ABCDEF"],
      "source_host_name": ["agent"],
      "pipeline_id": ["pipeline_id"],
      "pipeline_type": ["type"]
    },
    "value": 22.0
  },
  {
    "timestamp": 1512871200,
    "properties": {
      "table_name": "test",
      "adsize": "Sma_ll",
      "country": "USA",
      "what": "test",
      "target_type": "counter",
      "key1": "val1",
      "key2": "val2"
    },
    "tags": {
      "source": ["anodot-agent"],
      "source_host_id": ["ABCDEF"],
      "source_host_name": ["agent"],
      "pipeline_id": ["pipeline_id"],
      "pipeline_type": ["type"]
    },
    "value": 1.0
  },
  {
    "timestamp": 1512874800,
    "properties": {
      "table_name": "test",
      "adsize": "Sma_ll",
      "country": "USA",
      "what": "clicks",
      "target_type": "gauge",
      "key1": "val1",
      "key2": "val2"
    },
    "tags": {
      "source": ["anodot-agent"],
      "source_host_id": ["ABCDEF"],
      "source_host_name": ["agent"],
      "pipeline_id": ["pipeline_id"],
      "pipeline_type": ["type"]
    },
    "value": 690999
  },
  {
    "timestamp": 1512874800,
    "properties": {
      "table_name": "test",
      "adsize": "Sma_ll",
      "country": "USA",
      "what": "impressions",
      "target_type": "gauge",
      "key1": "val1",
      "key2": "val2"
    },
    "tags": {
      "source": ["anodot-agent"],
      "source_host_id": ["ABCDEF"],
      "source_host_name": ["agent"],
      "pipeline_id": ["pipeline_id"],
      "pipeline_type": ["type"]
    },
    "value": 15.0
  },
  {
    "timestamp": 1512874800,
    "properties": {
      "table_name": "test",
      "adsize": "Sma_ll",
      "country": "USA",
      "what": "test",
      "target_type": "counter",
      "key1": "val1",
      "key2": "val2"
    },
    "tags": {
      "source": ["anodot-agent"],
      "source_host_id": ["ABCDEF"],
      "source_host_name": ["agent"],
      "pipeline_id": ["pipeline_id"],
      "pipeline_type": ["type"]
    },
    "value": 1.0
  },
  {
    "timestamp": 1512878400,
    "properties": {
      "table_name": "test",
      "adsize": "Sma_ll",
      "country": "USA",
      "what": "clicks",
      "target_type": "gauge",
      "key1": "val1",
      "key2": "val2"
    },
    "tags": {
      "source": ["anodot-agent"],
      "source_host_id": ["ABCDEF"],
      "source_host_name": ["agent"],
      "pipeline_id": ["pipeline_id"],
      "pipeline_type": ["type"]
    },
    "value": 7158.97
  },
  {
    "timestamp": 1512878400,
    "properties": {
      "table_name": "test",
      "adsize": "Sma_ll",
      "country": "USA",
      "what": "impressions",
      "target_type": "gauge",
      "key1": "val1",
      "key2": "val2"
    },
    "tags": {
      "source": ["anodot-agent"],
      "source_host_id": ["ABCDEF"],
      "source_host_name": ["agent"],
      "pipeline_id": ["pipeline_id"],
      "pipeline_type": ["type"]
    },
    "value": 3.0
  },
  {
    "timestamp": 1512878400,
    "properties": {
      "table_name": "test",
      "adsize": "Sma_ll",
      "country": "USA",
      "what": "test",
      "target_type": "counter",
      "key1": "val1",
      "key2": "val2"
    },
    "tags": {
      "source": ["anodot-agent"],
      "source_host_id": ["ABCDEF"],
      "source_host_name": ["agent"],
      "pipeline_id": ["pipeline_id"],
      "pipeline_type": ["type"]
    },
    "value": 1.0
  },
  {
    "timestamp": 1512885600,
    "properties": {
      "table_name": "test",
      "adsize": "Sma_ll",
      "country": "USA",
      "what": "clicks",
      "target_type": "gauge",
      "key1": "val1",
      "key2": "val2"
    },
    "tags": {
      "source": ["anodot-agent"],
      "source_host_id": ["ABCDEF"],
      "source_host_name": ["agent"],
      "pipeline_id": ["pipeline_id"],
      "pipeline_type": ["type"]
    },
    "value": null
  },
  {
    "timestamp": 1512885600,
    "properties": {
      "table_name": "test",
      "adsize": "Sma_ll",
      "country": "USA",
      "what": "impressions",
      "target_type": "gauge",
      "key1": "val1",
      "key2": "val2"
    },
    "tags": {
      "source": ["anodot-agent"],
      "source_host_id": ["ABCDEF"],
      "source_host_name": ["agent"],
      "pipeline_id": ["pipeline_id"],
      "pipeline_type": ["type"]
    },
    "value": 4.0
  },
  {
    "timestamp": 1512885600,
    "properties": {
      "table_name": "test",
      "adsize": "Sma_ll",
      "country": "USA",
      "what": "test",
      "target_type": "counter",
      "key1": "val1",
      "key2": "val2"
    },
    "tags": {
      "source": ["anodot-agent"],
      "source_host_id": ["ABCDEF"],
      "source_host_name": ["agent"],
      "pipeline_id": ["pipeline_id"],
      "pipeline_type": ["type"]
    },
    "value": 1.0
  }
]