[
  {
    "timestamp": 1512867600,
    "dimensions": {
      "country": "中国"
    },
    "measurements": {
      "clicks": 6784.69,
      "impressions": 123
    },
    "schemaId": "test_jdbc_mysql_tag-1234",
    "tags": {
      "tag_exchange": [
        "DoubleClick"
      ],
      "source": [
        "anodot-agent"
      ],
      "source_host_id": [
        "ABCDEF"
      ],
      "source_host_name": [
        "agent"
      ],
      "pipeline_id": [
        "test_jdbc_mysql_tag"
      ],
      "pipeline_type": [
        "mysql"
      ]
    }
  },
  {
    "timestamp": 1512871200,
    "dimensions": {
      "country": "USA"
    },
    "measurements": {
      "clicks": 6839.0,
      "impressions": 22
    },
    "schemaId": "test_jdbc_mysql_tag-1234",
    "tags": {
      "tag_exchange": [
        "DoubleClick"
      ],
      "source": [
        "anodot-agent"
      ],
      "source_host_id": [
        "ABCDEF"
      ],
      "source_host_name": [
        "agent"
      ],
      "pipeline_id": [
        "test_jdbc_mysql_tag"
      ],
      "pipeline_type": [
        "mysql"
      ]
    }
  },
  {
    "timestamp": 1512874800,
    "dimensions": {
      "country": "USA"
    },
    "measurements": {
      "clicks": 690999.0,
      "impressions": 15
    },
    "schemaId": "test_jdbc_mysql_tag-1234",
    "tags": {
      "tag_exchange": [
        "DoubleClick"
      ],
      "source": [
        "anodot-agent"
      ],
      "source_host_id": [
        "ABCDEF"
      ],
      "source_host_name": [
        "agent"
      ],
      "pipeline_id": [
        "test_jdbc_mysql_tag"
      ],
      "pipeline_type": [
        "mysql"
      ]
    }
  },
  {
    "timestamp": 1512878400,
    "dimensions": {
      "country": "USA"
    },
    "measurements": {
      "clicks": 7158.97,
      "impressions": 3
    },
    "schemaId": "test_jdbc_mysql_tag-1234",
    "tags": {
      "tag_exchange": [
        "DoubleClick"
      ],
      "source": [
        "anodot-agent"
      ],
      "source_host_id": [
        "ABCDEF"
      ],
      "source_host_name": [
        "agent"
      ],
      "pipeline_id": [
        "test_jdbc_mysql_tag"
      ],
      "pipeline_type": [
        "mysql"
      ]
    }
  },
  {
    "timestamp": 1512885600,
    "dimensions": {
      "country": "USA"
    },
    "measurements": {
      "impressions": 4
    },
    "schemaId": "test_jdbc_mysql_tag-1234",
    "tags": {
      "tag_exchange": [
        "DoubleClick"
      ],
      "source": [
        "anodot-agent"
      ],
      "source_host_id": [
        "ABCDEF"
      ],
      "source_host_name": [
        "agent"
      ],
      "pipeline_id": [
        "test_jdbc_mysql_tag"
      ],
      "pipeline_type": [
        "mysql"
      ]
    }
  },
  {
    "timestamp": 1512889200,
    "dimensions": { },
    "measurements": {
      "clicks": 7427.77,
      "impressions": 0
    },
    "schemaId": "test_jdbc_mysql_tag-1234",
    "tags": {
      "tag_exchange": [
        "DoubleClick"
      ],
      "source": [
        "anodot-agent"
      ],
      "source_host_id": [
        "ABCDEF"
      ],
      "source_host_name": [
        "agent"
      ],
      "pipeline_id": [
        "test_jdbc_mysql_tag"
      ],
      "pipeline_type": [
        "mysql"
      ]
    }
  }
]