[
  {
    "value": 6784.6904,
    "properties": {
      "what": "Display",
      "target_type": "gauge",
      "ver": "AD200",
      "Country": "USA",
      "Exchange": "DoubleClick",
      "key1": "val1"
    },
    "tags": {
      "source": ["anodot-agent"],
      "source_host_id": ["ABCDEF"],
      "source_host_name": ["agent"],
      "pipeline_id": ["pipeline_id"]
    },
    "timestamp": 1512867600
  },
  {
    "value": 6839.0,
    "properties": {
      "what": "Display",
      "target_type": "gauge",
      "ver": "AD200",
      "Country": "USA",
      "Exchange": "DoubleClick",
      "key1": "val1"
    },
    "tags": {
      "source": ["anodot-agent"],
      "source_host_id": ["ABCDEF"],
      "source_host_name": ["agent"],
      "pipeline_id": ["pipeline_id"]
    },
    "timestamp": 1512871200
  },
  {
    "value": 6.9099935E18,
    "properties": {
      "what": "Search",
      "target_type": "counter",
      "ver": "AD200",
      "Country": "USA",
      "Exchange": "DoubleClick",
      "key1": "val1"
    },
    "tags": {
      "source": ["anodot-agent"],
      "source_host_id": ["ABCDEF"],
      "source_host_name": ["agent"],
      "pipeline_id": ["pipeline_id"]
    },
    "timestamp": 1512874800
  },
  {
    "value": 7158.9727,
    "properties": {
      "what": "Display",
      "target_type": "gauge",
      "ver": "AD200",
      "Country": "USA",
      "Exchange": "DoubleClick",
      "key1": "val1"
    },
    "tags": {
      "source": ["anodot-agent"],
      "source_host_id": ["ABCDEF"],
      "source_host_name": ["agent"],
      "pipeline_id": ["pipeline_id"]
    },
    "timestamp": 1512878400
  },
  {
    "value": 7235.7573,
    "properties": {
      "what": "Search",
      "target_type": "counter",
      "ver": "AD200",
      "Country": "USA",
      "Exchange": "DoubleClick",
      "key1": "val1"
    },
    "tags": {
      "source": ["anodot-agent"],
      "source_host_id": ["ABCDEF"],
      "source_host_name": ["agent"],
      "pipeline_id": ["pipeline_id"]
    },
    "timestamp": 1512882000
  },
  {
    "value": 7427.7744,
    "properties": {
      "what": "Display",
      "target_type": "gauge",
      "ver": "AD200",
      "Country": "",
      "Exchange": "DoubleClick",
      "key1": "val1"
    },
    "tags": {
      "source": ["anodot-agent"],
      "source_host_id": ["ABCDEF"],
      "source_host_name": ["agent"],
      "pipeline_id": ["pipeline_id"]
    },
    "timestamp": 1512889200
  }
]