[
  {
    "value": 1.0,
    "properties": {
      "what": "clicks",
      "target_type": "counter",
      "ver": "1",
      "Country": "中国",
      "Exchange": "DoubleClick",
      "key1": "val1"
    },
    "tags": {
      "source": ["anodot-agent"],
      "source_host_id": ["ABCDEF"],
      "source_host_name": ["agent"],
      "pipeline_id": ["pipeline_id"],
      "pipeline_type": ["type"]
    },
    "timestamp": 1512867600
  },
  {
    "value": 1.0,
    "properties": {
      "what": "clicks",
      "target_type": "counter",
      "ver": "1",
      "Country": "USA",
      "Exchange": "DoubleClick",
      "key1": "val1"
    },
    "tags": {
      "source": ["anodot-agent"],
      "source_host_id": ["ABCDEF"],
      "source_host_name": ["agent"],
      "pipeline_id": ["pipeline_id"],
      "pipeline_type": ["type"]
    },
    "timestamp": 1512871200
  },
  {
    "value": 1.0,
    "properties": {
      "what": "clicks",
      "target_type": "counter",
      "ver": "1",
      "Country": "USA",
      "Exchange": "DoubleClick",
      "key1": "val1"
    },
    "tags": {
      "source": ["anodot-agent"],
      "source_host_id": ["ABCDEF"],
      "source_host_name": ["agent"],
      "pipeline_id": ["pipeline_id"],
      "pipeline_type": ["type"]
    },
    "timestamp": 1512874800
  },
  {
    "value": 1.0,
    "properties": {
      "what": "clicks",
      "target_type": "counter",
      "ver": "1",
      "Country": "USA",
      "Exchange": "DoubleClick",
      "key1": "val1"
    },
    "tags": {
      "source": ["anodot-agent"],
      "source_host_id": ["ABCDEF"],
      "source_host_name": ["agent"],
      "pipeline_id": ["pipeline_id"],
      "pipeline_type": ["type"]
    },
    "timestamp": 1512878400
  },
  {
    "value": 1.0,
    "properties": {
      "what": "clicks",
      "target_type": "counter",
      "ver": "1",
      "Country": "USA",
      "Exchange": "DoubleClick",
      "key1": "val1"
    },
    "tags": {
      "source": ["anodot-agent"],
      "source_host_id": ["ABCDEF"],
      "source_host_name": ["agent"],
      "pipeline_id": ["pipeline_id"],
      "pipeline_type": ["type"]
    },
    "timestamp": 1512882000
  },
  {
    "value": 1.0,
    "properties": {
      "what": "clicks",
      "target_type": "counter",
      "ver": "1",
      "Country": "USA",
      "Exchange": "DoubleClick",
      "key1": "val1"
    },
    "tags": {
      "source": ["anodot-agent"],
      "source_host_id": ["ABCDEF"],
      "source_host_name": ["agent"],
      "pipeline_id": ["pipeline_id"],
      "pipeline_type": ["type"]
    },
    "timestamp": 1512885600
  },
  {
    "value": 1.0,
    "properties": {
      "what": "clicks",
      "target_type": "counter",
      "ver": "1",
      "Exchange": "DoubleClick",
      "key1": "val1"
    },
    "tags": {
      "source": ["anodot-agent"],
      "source_host_id": ["ABCDEF"],
      "source_host_name": ["agent"],
      "pipeline_id": ["pipeline_id"],
      "pipeline_type": ["type"]
    },
    "timestamp": 1512889200
  }
]