[
  {
    "timestamp": 1512867600,
    "dimensions": {
      "ver": "1",
      "Country": "中国",
      "Exchange": "DoubleClick",
      "key1": "val1"
    },
    "measurements": {
      "clicks": 1
    },
    "schemaId": "test_kfk_value_const-1234",
    "tags": {
      "source": [
        "anodot-agent"
      ],
      "source_host_id": [
        "ABCDEF"
      ],
      "source_host_name": [
        "agent"
      ],
      "pipeline_id": [
        "test_kfk_value_const"
      ],
      "pipeline_type": [
        "kafka"
      ]
    }
  },
  {
    "timestamp": 1512871200,
    "dimensions": {
      "ver": "1",
      "Country": "USA",
      "Exchange": "DoubleClick",
      "key1": "val1"
    },
    "measurements": {
      "clicks": 1
    },
    "schemaId": "test_kfk_value_const-1234",
    "tags": {
      "source": [
        "anodot-agent"
      ],
      "source_host_id": [
        "ABCDEF"
      ],
      "source_host_name": [
        "agent"
      ],
      "pipeline_id": [
        "test_kfk_value_const"
      ],
      "pipeline_type": [
        "kafka"
      ]
    }
  },
  {
    "timestamp": 1512874800,
    "dimensions": {
      "ver": "1",
      "Country": "US,A",
      "Exchange": "DoubleClick",
      "key1": "val1"
    },
    "measurements": {
      "clicks": 1
    },
    "schemaId": "test_kfk_value_const-1234",
    "tags": {
      "source": [
        "anodot-agent"
      ],
      "source_host_id": [
        "ABCDEF"
      ],
      "source_host_name": [
        "agent"
      ],
      "pipeline_id": [
        "test_kfk_value_const"
      ],
      "pipeline_type": [
        "kafka"
      ]
    }
  },
  {
    "timestamp": 1512878400,
    "dimensions": {
      "ver": "1",
      "Country": "USA",
      "Exchange": "DoubleClick",
      "key1": "val1"
    },
    "measurements": {
      "clicks": 1
    },
    "schemaId": "test_kfk_value_const-1234",
    "tags": {
      "source": [
        "anodot-agent"
      ],
      "source_host_id": [
        "ABCDEF"
      ],
      "source_host_name": [
        "agent"
      ],
      "pipeline_id": [
        "test_kfk_value_const"
      ],
      "pipeline_type": [
        "kafka"
      ]
    }
  },
  {
    "timestamp": 1512882000,
    "dimensions": {
      "ver": "1",
      "Country": "USA",
      "Exchange": "DoubleClick",
      "key1": "val1"
    },
    "measurements": {
      "clicks": 1
    },
    "schemaId": "test_kfk_value_const-1234",
    "tags": {
      "source": [
        "anodot-agent"
      ],
      "source_host_id": [
        "ABCDEF"
      ],
      "source_host_name": [
        "agent"
      ],
      "pipeline_id": [
        "test_kfk_value_const"
      ],
      "pipeline_type": [
        "kafka"
      ]
    }
  },
  {
    "timestamp": 1512885600,
    "dimensions": {
      "ver": "1",
      "Country": "USA",
      "Exchange": "DoubleClick",
      "key1": "val1"
    },
    "measurements": {
      "clicks": 1
    },
    "schemaId": "test_kfk_value_const-1234",
    "tags": {
      "source": [
        "anodot-agent"
      ],
      "source_host_id": [
        "ABCDEF"
      ],
      "source_host_name": [
        "agent"
      ],
      "pipeline_id": [
        "test_kfk_value_const"
      ],
      "pipeline_type": [
        "kafka"
      ]
    }
  },
  {
    "timestamp": 1512889200,
    "dimensions": {
      "ver": "1",
      "Exchange": "DoubleClick",
      "key1": "val1"
    },
    "measurements": {
      "clicks": 1
    },
    "schemaId": "test_kfk_value_const-1234",
    "tags": {
      "source": [
        "anodot-agent"
      ],
      "source_host_id": [
        "ABCDEF"
      ],
      "source_host_name": [
        "agent"
      ],
      "pipeline_id": [
        "test_kfk_value_const"
      ],
      "pipeline_type": [
        "kafka"
      ]
    }
  }
]