[
  {
    "schemaId": "111111-22222-3333-4444",
    "measurements": {"clicks": 6784.6904},
    "dimensions": {
      "ver": "1",
      "Country": "中国",
      "Exchange": "DoubleClick"
    },
    "tags": {
      "source": ["anodot-agent"],
      "source_host_id": ["ABCDEF"],
      "source_host_name": ["agent"],
      "pipeline_id": ["pipeline_id"],
      "pipeline_type": ["type"]
    },
    "timestamp": 1512867600
  },
  {
    "schemaId": "111111-22222-3333-4444",
    "measurements": {"clicks": 6839},
    "dimensions": {
      "ver": "1",
      "Country": "USA",
      "Exchange": "DoubleClick"
    },
    "tags": {
      "source": ["anodot-agent"],
      "source_host_id": ["ABCDEF"],
      "source_host_name": ["agent"],
      "pipeline_id": ["pipeline_id"],
      "pipeline_type": ["type"]
    },
    "timestamp": 1512871200
  },
  {
    "schemaId": "111111-22222-3333-4444",
    "measurements": {"clicks": 6909993404034934004},
    "dimensions": {
      "ver": "1",
      "Country": "USA",
      "Exchange": "DoubleClick"
    },
    "tags": {
      "source": ["anodot-agent"],
      "source_host_id": ["ABCDEF"],
      "source_host_name": ["agent"],
      "pipeline_id": ["pipeline_id"],
      "pipeline_type": ["type"]
    },
    "timestamp": 1512874800
  },
  {
    "schemaId": "111111-22222-3333-4444",
    "measurements": {"clicks": 7158.972598273843},
    "dimensions": {
      "ver": "1",
      "Country": "USA",
      "Exchange": "DoubleClick"
    },
    "tags": {
      "source": ["anodot-agent"],
      "source_host_id": ["ABCDEF"],
      "source_host_name": ["agent"],
      "pipeline_id": ["pipeline_id"],
      "pipeline_type": ["type"]
    },
    "timestamp": 1512878400
  },
  {
    "schemaId": "111111-22222-3333-4444",
    "measurements": {"clicks": 7235.7574},
    "dimensions": {
      "ver": "1",
      "Country": "USA",
      "Exchange": "DoubleClick"
    },
    "tags": {
      "source": ["anodot-agent"],
      "source_host_id": ["ABCDEF"],
      "source_host_name": ["agent"],
      "pipeline_id": ["pipeline_id"],
      "pipeline_type": ["type"]
    },
    "timestamp": 1512882000
  },
  {
    "schemaId": "111111-22222-3333-4444",
    "measurements": {"clicks": 7427.7744},
    "dimensions": {
      "ver": "1",
      "Exchange": "DoubleClick"
    },
    "tags": {
      "source": ["anodot-agent"],
      "source_host_id": ["ABCDEF"],
      "source_host_name": ["agent"],
      "pipeline_id": ["pipeline_id"],
      "pipeline_type": ["type"]
    },
    "timestamp": 1512889200
  }
]