[
  {
    "timestamp": 1512864000,
    "dimensions": {
      "ver": "1",
      "Country": "USA",
      "Exchange": "DoubleClick"
    },
    "measurements": {
      "Clicks": 6784.6904
    },
    "schemaId": "test_kafka_timezone-1234",
    "tags": {
      "source": [
        "anodot-agent"
      ],
      "source_host_id": [
        "ABCDEF"
      ],
      "source_host_name": [
        "agent"
      ],
      "pipeline_id": [
        "test_kafka_timezone"
      ],
      "pipeline_type": [
        "kafka"
      ]
    }
  },
  {
    "timestamp": 1512867600,
    "dimensions": {
      "ver": "1",
      "Country": "USA",
      "Exchange": "DoubleClick"
    },
    "measurements": {
      "Clicks": 6839
    },
    "schemaId": "test_kafka_timezone-1234",
    "tags": {
      "source": [
        "anodot-agent"
      ],
      "source_host_id": [
        "ABCDEF"
      ],
      "source_host_name": [
        "agent"
      ],
      "pipeline_id": [
        "test_kafka_timezone"
      ],
      "pipeline_type": [
        "kafka"
      ]
    }
  },
  {
    "timestamp": 1512871200,
    "dimensions": {
      "ver": "1",
      "Country": "USA",
      "Exchange": "DoubleClick"
    },
    "measurements": {
      "Clicks": 6909993404034934004
    },
    "schemaId": "test_kafka_timezone-1234",
    "tags": {
      "source": [
        "anodot-agent"
      ],
      "source_host_id": [
        "ABCDEF"
      ],
      "source_host_name": [
        "agent"
      ],
      "pipeline_id": [
        "test_kafka_timezone"
      ],
      "pipeline_type": [
        "kafka"
      ]
    }
  },
  {
    "timestamp": 1512874800,
    "dimensions": {
      "ver": "1",
      "Country": "USA",
      "Exchange": "DoubleClick"
    },
    "measurements": {
      "Clicks": 7158.972598273843
    },
    "schemaId": "test_kafka_timezone-1234",
    "tags": {
      "source": [
        "anodot-agent"
      ],
      "source_host_id": [
        "ABCDEF"
      ],
      "source_host_name": [
        "agent"
      ],
      "pipeline_id": [
        "test_kafka_timezone"
      ],
      "pipeline_type": [
        "kafka"
      ]
    }
  },
  {
    "timestamp": 1512878400,
    "dimensions": {
      "ver": "1",
      "Country": "USA",
      "Exchange": "DoubleClick"
    },
    "measurements": {
      "Clicks": 7235.7574
    },
    "schemaId": "test_kafka_timezone-1234",
    "tags": {
      "source": [
        "anodot-agent"
      ],
      "source_host_id": [
        "ABCDEF"
      ],
      "source_host_name": [
        "agent"
      ],
      "pipeline_id": [
        "test_kafka_timezone"
      ],
      "pipeline_type": [
        "kafka"
      ]
    }
  },
  {
    "timestamp": 1512885600,
    "dimensions": {
      "ver": "1",
      "Exchange": "DoubleClick"
    },
    "measurements": {
      "Clicks": 7427.7744
    },
    "schemaId": "test_kafka_timezone-1234",
    "tags": {
      "source": [
        "anodot-agent"
      ],
      "source_host_id": [
        "ABCDEF"
      ],
      "source_host_name": [
        "agent"
      ],
      "pipeline_id": [
        "test_kafka_timezone"
      ],
      "pipeline_type": [
        "kafka"
      ]
    }
  }
]