[
  {
    "schemaId": "observium_mempools-1234",
    "timestamp": 1628160603,
    "dimensions": {
      "mempool_descr": "Module_1_(Processor)"
    },
    "measurements": {
      "mempool_perc": 21.0
    },
    "tags": {
      "source": [
        "anodot-agent"
      ],
      "source_host_id": [
        "ABCDEF"
      ],
      "source_host_name": [
        "agent"
      ],
      "pipeline_id": [
        "observium_mempools"
      ],
      "pipeline_type": [
        "observium"
      ]
    }
  }
]