[
  {
    "schemaId": "observium_storage-1234",
    "timestamp": 1633518002,
    "dimensions": {
      "Storage_size": "92762112",
      "Host_Name": "sys1",
      "Location": "SOME-LOC"
    },
    "measurements": {
      "storage_perc": 52.0,
      "my_own_field": 42.0
    },
    "tags": {
      "source": [
        "anodot-agent"
      ],
      "source_host_id": [
        "ABCDEF"
      ],
      "source_host_name": [
        "agent"
      ],
      "pipeline_id": [
        "observium_storage"
      ],
      "pipeline_type": [
        "observium"
      ]
    }
  }
]