[
  {
    "schemaId": "observium_processors-1234",
    "timestamp": 1633517705,
    "dimensions": {
      "processor_type": "cpm",
      "Host_Name": "sys1",
      "Location": "SOME-LOC",
      "processor_name": "description"
    },
    "measurements": {
      "processor_usage": 3.0
    },
    "tags": {
      "source": [
        "anodot-agent"
      ],
      "source_host_id": [
        "ABCDEF"
      ],
      "source_host_name": [
        "agent"
      ],
      "pipeline_id": [
        "observium_processors"
      ],
      "pipeline_type": [
        "observium"
      ]
    }
  }
]