[
  {
    "schemaId": "observium_mempools-1234",
    "timestamp": 1628160620,
    "dimensions": {
      "Vendor": "Anodot",
      "Memory_Pool_Description": "Module_1_(Processor)",
      "Memory_Pool_ID": "1",
      "Memory_Pool_Vendor": "NULL"
    },
    "measurements": {
      "mempool_used": 43289060.0,
      "mempool_perc": 21.0,
      "mempool_total": 206436832.0,
      "mempool_free": 163147772.0
    },
    "tags": {
      "source": [
        "anodot-agent"
      ],
      "source_host_id": [
        "ABCDEF"
      ],
      "source_host_name": [
        "agent"
      ],
      "pipeline_id": [
        "observium_mempools"
      ],
      "pipeline_type": [
        "observium"
      ]
    }
  }
]