[
  {
    "timestamp":1512867600,
    "dimensions":{
      "ver":"1",
      "Country":"USA"
    },
    "measurements":{
      "clicks":6784.6904
    },
    "schemaId":"test_sage_schema_file-1234",
    "tags":{
      "source":[
        "anodot-agent"
      ],
      "source_host_id":[
        "ABCDEF"
      ],
      "source_host_name":[
        "agent"
      ],
      "pipeline_id":[
        "test_sage_schema_file"
      ],
      "pipeline_type":[
        "sage"
      ]
    }
  },
  {
    "timestamp":1512871200,
    "dimensions":{
      "ver":"1",
      "Country":"USA"
    },
    "measurements":{
      "clicks":6839
    },
    "schemaId":"test_sage_schema_file-1234",
    "tags":{
      "source":[
        "anodot-agent"
      ],
      "source_host_id":[
        "ABCDEF"
      ],
      "source_host_name":[
        "agent"
      ],
      "pipeline_id":[
        "test_sage_schema_file"
      ],
      "pipeline_type":[
        "sage"
      ]
    }
  },
  {
    "timestamp":1512874800,
    "dimensions":{
      "ver":"1",
      "Country":"USA"
    },
    "measurements":{
      "clicks":6909993404034934004
    },
    "schemaId":"test_sage_schema_file-1234",
    "tags":{
      "source":[
        "anodot-agent"
      ],
      "source_host_id":[
        "ABCDEF"
      ],
      "source_host_name":[
        "agent"
      ],
      "pipeline_id":[
        "test_sage_schema_file"
      ],
      "pipeline_type":[
        "sage"
      ]
    }
  },
  {
    "timestamp":1512878400,
    "dimensions":{
      "ver":"1",
      "Country":"USA"
    },
    "measurements":{
      "clicks":7158.972598273843
    },
    "schemaId":"test_sage_schema_file-1234",
    "tags":{
      "source":[
        "anodot-agent"
      ],
      "source_host_id":[
        "ABCDEF"
      ],
      "source_host_name":[
        "agent"
      ],
      "pipeline_id":[
        "test_sage_schema_file"
      ],
      "pipeline_type":[
        "sage"
      ]
    }
  },
  {
    "timestamp":1512882000,
    "dimensions":{
      "ver":"1",
      "Country":"USA"
    },
    "measurements":{
      "clicks":7235.7574
    },
    "schemaId":"test_sage_schema_file-1234",
    "tags":{
      "source":[
        "anodot-agent"
      ],
      "source_host_id":[
        "ABCDEF"
      ],
      "source_host_name":[
        "agent"
      ],
      "pipeline_id":[
        "test_sage_schema_file"
      ],
      "pipeline_type":[
        "sage"
      ]
    }
  },
  {
    "timestamp":1512889200,
    "dimensions":{
      "ver":"1"
    },
    "measurements":{
      "clicks":7427.7744
    },
    "schemaId":"test_sage_schema_file-1234",
    "tags":{
      "source":[
        "anodot-agent"
      ],
      "source_host_id":[
        "ABCDEF"
      ],
      "source_host_name":[
        "agent"
      ],
      "pipeline_id":[
        "test_sage_schema_file"
      ],
      "pipeline_type":[
        "sage"
      ]
    }
  }
]