[
  {
    "tags": {
      "source": [
        "anodot-agent"
      ],
      "source_host_id": [
        "ABCDEF"
      ],
      "source_host_name": [
        "agent"
      ],
      "pipeline_id": [
        "snmp_table"
      ],
      "pipeline_type": [
        "snmp"
      ]
    },
    "schemaId": "snmp_table-1234",
    "dimensions": {
      "system_location": "San_Francisco,_California,_United_States",
      "host_name": "zeus_snmplabs_com",
      "system_description": "Linux_zeus_4_8_6_5-smp_#2_SMP_Sun_Nov_13_14:58:11_CDT_2016_i686",
      "version" : 1
    },
    "measurements": {
      "icmp_in_msgs": 324.0,
      "icmp_out_msgs": 2735.0
    }
  },
  {
    "tags": {
      "source": [
        "anodot-agent"
      ],
      "source_host_id": [
        "ABCDEF"
      ],
      "source_host_name": [
        "agent"
      ],
      "pipeline_id": [
        "snmp_table"
      ],
      "pipeline_type": [
        "snmp"
      ]
    },
    "schemaId": "snmp_table-1234",
    "dimensions": {
      "ifType": "softwareLoopback",
      "ifDescr": "lo",
      "system_location": "San_Francisco,_California,_United_States",
      "host_name": "zeus_snmplabs_com",
      "system_description": "Linux_zeus_4_8_6_5-smp_#2_SMP_Sun_Nov_13_14:58:11_CDT_2016_i686",
      "version" : 1
    },
    "measurements": {
      "ifMtu": 16436.0,
      "ifSpeed": 1.0E7
    }
  },
  {
    "tags": {
      "source": [
        "anodot-agent"
      ],
      "source_host_id": [
        "ABCDEF"
      ],
      "source_host_name": [
        "agent"
      ],
      "pipeline_id": [
        "snmp_table"
      ],
      "pipeline_type": [
        "snmp"
      ]
    },
    "schemaId": "snmp_table-1234",
    "dimensions": {
      "ifType": "ethernetCsmacd",
      "ifDescr": "eth0",
      "system_location": "San_Francisco,_California,_United_States",
      "host_name": "zeus_snmplabs_com",
      "system_description": "Linux_zeus_4_8_6_5-smp_#2_SMP_Sun_Nov_13_14:58:11_CDT_2016_i686",
      "version" : 1
    },
    "measurements": {
      "ifMtu": 1500.0,
      "ifSpeed": 1.0E8
    }
  }
]