[
  {
    "tags": {
      "source": [
        "anodot-agent"
      ],
      "source_host_id": [
        "ABCDEF"
      ],
      "source_host_name": [
        "agent"
      ],
      "pipeline_id": [
        "snmp_table_filter"
      ],
      "pipeline_type": [
        "snmp"
      ]
    },
    "schemaId": "snmp_table_filter-1234",
    "dimensions": {
      "ifType": "ethernetCsmacd",
      "ifDescr": "eth0",
      "system_location": "San_Francisco,_California,_United_States",
      "host_name": "NULL",
      "system_description": "Linux_zeus_4_8_6_5-smp_#2_SMP_Sun_Nov_13_14:58:11_CDT_2016_i686"
    },
    "measurements": {
      "ifMtu": 1500.0,
      "speed": 1.0E8
    }
  }
]
