[
  {
    "tags": {
      "source": [
        "anodot-agent"
      ],
      "source_host_id": [
        "ABCDEF"
      ],
      "source_host_name": [
        "agent"
      ],
      "pipeline_id": [
        "snmp"
      ],
      "pipeline_type": [
        "snmp"
      ]
    },
    "schema_id": "snmp-1234",
    "dimensions": {
      "system_description": "Linux zeus 4.8.6.5-smp #2 SMP Sun Nov 13 14:58:11 CDT 2016 i686",
      "host_name": "zeus.snmplabs.com"
    },
    "measurements": {
      "mib-2": 2.0
    },
    "schemaId": "snmp-1234"
  }
]