[
  {
    "timestamp": 1611322470,
    "properties": {
      "hosts_0_host": "zabbixagent",
      "content-provider": "agent",
      "service-provider": "anodot",
      "what": "Memory",
      "target_type": "gauge"
    },
    "value": 10000567.0,
    "tags": {
      "source": [
        "anodot-agent"
      ],
      "source_host_id": [
        "ABCDEF"
      ],
      "source_host_name": [
        "agent"
      ],
      "pipeline_id": [
        "test_zabbix"
      ],
      "pipeline_type": [
        "zabbix"
      ],
      "test": [
        "zabbix"
      ]
    }
  },
  {
    "timestamp": 1611322470,
    "properties": {
      "hosts_0_host": "zabbixagent",
      "content-provider": "agent",
      "service-provider": "anodot",
      "what": "counter",
      "target_type": "counter"
    },
    "value": 1.0,
    "tags": {
      "source": [
        "anodot-agent"
      ],
      "source_host_id": [
        "ABCDEF"
      ],
      "source_host_name": [
        "agent"
      ],
      "pipeline_id": [
        "test_zabbix"
      ],
      "pipeline_type": [
        "zabbix"
      ],
      "test": [
        "zabbix"
      ]
    }
  },
  {
    "timestamp": 1611322520,
    "properties": {
      "hosts_0_host": "zabbixagent",
      "content-provider": "agent",
      "service-provider": "anodot",
      "what": "Memory",
      "target_type": "gauge"
    },
    "value": 9347567.0,
    "tags": {
      "source": [
        "anodot-agent"
      ],
      "source_host_id": [
        "ABCDEF"
      ],
      "source_host_name": [
        "agent"
      ],
      "pipeline_id": [
        "test_zabbix"
      ],
      "pipeline_type": [
        "zabbix"
      ],
      "test": [
        "zabbix"
      ]
    }
  },
  {
    "timestamp": 1611322520,
    "properties": {
      "hosts_0_host": "zabbixagent",
      "content-provider": "agent",
      "service-provider": "anodot",
      "what": "counter",
      "target_type": "counter"
    },
    "value": 1.0,
    "tags": {
      "source": [
        "anodot-agent"
      ],
      "source_host_id": [
        "ABCDEF"
      ],
      "source_host_name": [
        "agent"
      ],
      "pipeline_id": [
        "test_zabbix"
      ],
      "pipeline_type": [
        "zabbix"
      ],
      "test": [
        "zabbix"
      ]
    }
  },
  {
    "timestamp": 1611322550,
    "properties": {
      "hosts_0_host": "zabbixagent",
      "content-provider": "agent",
      "service-provider": "anodot",
      "what": "Memory",
      "target_type": "gauge"
    },
    "value": 9347293.0,
    "tags": {
      "source": [
        "anodot-agent"
      ],
      "source_host_id": [
        "ABCDEF"
      ],
      "source_host_name": [
        "agent"
      ],
      "pipeline_id": [
        "test_zabbix"
      ],
      "pipeline_type": [
        "zabbix"
      ],
      "test": [
        "zabbix"
      ]
    }
  },
  {
    "timestamp": 1611322550,
    "properties": {
      "hosts_0_host": "zabbixagent",
      "content-provider": "agent",
      "service-provider": "anodot",
      "what": "counter",
      "target_type": "counter"
    },
    "value": 1.0,
    "tags": {
      "source": [
        "anodot-agent"
      ],
      "source_host_id": [
        "ABCDEF"
      ],
      "source_host_name": [
        "agent"
      ],
      "pipeline_id": [
        "test_zabbix"
      ],
      "pipeline_type": [
        "zabbix"
      ],
      "test": [
        "zabbix"
      ]
    }
  }
]
