[
  {
    "timestamp": 1611322479,
    "properties": {
      "host": "zabbixagentґ",
      "key_": "system_cpu_load",
      "what": "null",
      "target_type": "gauge",
      "test_type": "input"
    },
    "value": 0.1,
    "tags": {
      "source": [
        "anodot-agent"
      ],
      "source_host_id": [
        "ABCDEF"
      ],
      "source_host_name": [
        "agent"
      ],
      "pipeline_id": [
        "test_zabbix_edit_query"
      ],
      "pipeline_type": [
        "zabbix"
      ],
      "test": [
        "zabbix"
      ]
    }
  },
  {
    "timestamp": 1611322479,
    "properties": {
      "host": "zabbixagentґ",
      "key_": "system_cpu_load",
      "what": "counter",
      "target_type": "counter",
      "test_type": "input"
    },
    "value": 1.0,
    "tags": {
      "source": [
        "anodot-agent"
      ],
      "source_host_id": [
        "ABCDEF"
      ],
      "source_host_name": [
        "agent"
      ],
      "pipeline_id": [
        "test_zabbix_edit_query"
      ],
      "pipeline_type": [
        "zabbix"
      ],
      "test": [
        "zabbix"
      ]
    }
  },
  {
    "timestamp": 1611322529,
    "properties": {
      "host": "zabbixagentґ",
      "key_": "system_cpu_load",
      "what": "null",
      "target_type": "gauge",
      "test_type": "input"
    },
    "value": 0.23,
    "tags": {
      "source": [
        "anodot-agent"
      ],
      "source_host_id": [
        "ABCDEF"
      ],
      "source_host_name": [
        "agent"
      ],
      "pipeline_id": [
        "test_zabbix_edit_query"
      ],
      "pipeline_type": [
        "zabbix"
      ],
      "test": [
        "zabbix"
      ]
    }
  },
  {
    "timestamp": 1611322529,
    "properties": {
      "host": "zabbixagentґ",
      "key_": "system_cpu_load",
      "what": "counter",
      "target_type": "counter",
      "test_type": "input"
    },
    "value": 1.0,
    "tags": {
      "source": [
        "anodot-agent"
      ],
      "source_host_id": [
        "ABCDEF"
      ],
      "source_host_name": [
        "agent"
      ],
      "pipeline_id": [
        "test_zabbix_edit_query"
      ],
      "pipeline_type": [
        "zabbix"
      ],
      "test": [
        "zabbix"
      ]
    }
  },
  {
    "timestamp": 1611322559,
    "properties": {
      "host": "zabbixagentґ",
      "key_": "system_cpu_load",
      "what": "null",
      "target_type": "gauge",
      "test_type": "input"
    },
    "value": 0.15,
    "tags": {
      "source": [
        "anodot-agent"
      ],
      "source_host_id": [
        "ABCDEF"
      ],
      "source_host_name": [
        "agent"
      ],
      "pipeline_id": [
        "test_zabbix_edit_query"
      ],
      "pipeline_type": [
        "zabbix"
      ],
      "test": [
        "zabbix"
      ]
    }
  },
  {
    "timestamp": 1611322559,
    "properties": {
      "host": "zabbixagentґ",
      "key_": "system_cpu_load",
      "what": "counter",
      "target_type": "counter",
      "test_type": "input"
    },
    "value": 1.0,
    "tags": {
      "source": [
        "anodot-agent"
      ],
      "source_host_id": [
        "ABCDEF"
      ],
      "source_host_name": [
        "agent"
      ],
      "pipeline_id": [
        "test_zabbix_edit_query"
      ],
      "pipeline_type": [
        "zabbix"
      ],
      "test": [
        "zabbix"
      ]
    }
  },
  {
    "timestamp": 1611322470,
    "properties": {
      "host": "zabbixagentґ",
      "content-provider": "agent",
      "service-provider": "anodot",
      "key_": "vm_memory_size[macro_value,macro_value_2]",
      "what": "Memory",
      "target_type": "gauge",
      "test_type": "input"
    },
    "value": 10000567.0,
    "tags": {
      "source": [
        "anodot-agent"
      ],
      "source_host_id": [
        "ABCDEF"
      ],
      "source_host_name": [
        "agent"
      ],
      "pipeline_id": [
        "test_zabbix_edit_query"
      ],
      "pipeline_type": [
        "zabbix"
      ],
      "test": [
        "zabbix"
      ]
    }
  },
  {
    "timestamp": 1611322470,
    "properties": {
      "host": "zabbixagentґ",
      "content-provider": "agent",
      "service-provider": "anodot",
      "key_": "vm_memory_size[macro_value,macro_value_2]",
      "what": "counter",
      "target_type": "counter",
      "test_type": "input"
    },
    "value": 1.0,
    "tags": {
      "source": [
        "anodot-agent"
      ],
      "source_host_id": [
        "ABCDEF"
      ],
      "source_host_name": [
        "agent"
      ],
      "pipeline_id": [
        "test_zabbix_edit_query"
      ],
      "pipeline_type": [
        "zabbix"
      ],
      "test": [
        "zabbix"
      ]
    }
  },
  {
    "timestamp": 1611322520,
    "properties": {
      "host": "zabbixagentґ",
      "content-provider": "agent",
      "service-provider": "anodot",
      "key_": "vm_memory_size[macro_value,macro_value_2]",
      "what": "Memory",
      "target_type": "gauge",
      "test_type": "input"
    },
    "value": 9347567.0,
    "tags": {
      "source": [
        "anodot-agent"
      ],
      "source_host_id": [
        "ABCDEF"
      ],
      "source_host_name": [
        "agent"
      ],
      "pipeline_id": [
        "test_zabbix_edit_query"
      ],
      "pipeline_type": [
        "zabbix"
      ],
      "test": [
        "zabbix"
      ]
    }
  },
  {
    "timestamp": 1611322520,
    "properties": {
      "host": "zabbixagentґ",
      "content-provider": "agent",
      "service-provider": "anodot",
      "key_": "vm_memory_size[macro_value,macro_value_2]",
      "what": "counter",
      "target_type": "counter",
      "test_type": "input"
    },
    "value": 1.0,
    "tags": {
      "source": [
        "anodot-agent"
      ],
      "source_host_id": [
        "ABCDEF"
      ],
      "source_host_name": [
        "agent"
      ],
      "pipeline_id": [
        "test_zabbix_edit_query"
      ],
      "pipeline_type": [
        "zabbix"
      ],
      "test": [
        "zabbix"
      ]
    }
  },
  {
    "timestamp": 1611322550,
    "properties": {
      "host": "zabbixagentґ",
      "content-provider": "agent",
      "service-provider": "anodot",
      "key_": "vm_memory_size[macro_value,macro_value_2]",
      "what": "Memory",
      "target_type": "gauge",
      "test_type": "input"
    },
    "value": 9347293.0,
    "tags": {
      "source": [
        "anodot-agent"
      ],
      "source_host_id": [
        "ABCDEF"
      ],
      "source_host_name": [
        "agent"
      ],
      "pipeline_id": [
        "test_zabbix_edit_query"
      ],
      "pipeline_type": [
        "zabbix"
      ],
      "test": [
        "zabbix"
      ]
    }
  },
  {
    "timestamp": 1611322550,
    "properties": {
      "host": "zabbixagentґ",
      "content-provider": "agent",
      "service-provider": "anodot",
      "key_": "vm_memory_size[macro_value,macro_value_2]",
      "what": "counter",
      "target_type": "counter",
      "test_type": "input"
    },
    "value": 1.0,
    "tags": {
      "source": [
        "anodot-agent"
      ],
      "source_host_id": [
        "ABCDEF"
      ],
      "source_host_name": [
        "agent"
      ],
      "pipeline_id": [
        "test_zabbix_edit_query"
      ],
      "pipeline_type": [
        "zabbix"
      ],
      "test": [
        "zabbix"
      ]
    }
  }
]