{"timestamp_unix": 1512867600, "timestamp_unix_ms": 1512867600000, "ver": 1, "AdSize": {"type": "Small"}, "Country": "\u4e2d\u56fd", "AdType": "Display", "metric": "clicks.display", "Exchange": " DoubleClick ", "Clicks": 6784.6904, "timestamp_string": "12/10/2017 1:00:00", "agg_type": "gauge"},
{"timestamp_unix": 1512871200, "timestamp_unix_ms": 1512871200000, "ver": 1, "AdSize": {"type": "Small"}, "Country": "USA", "AdType": "Display", "metric": "clicks.display", "Exchange": "DoubleClick", "Clicks": "68.39E+2", "timestamp_string": "12/10/2017 2:00:00", "agg_type": "gauge"},
{"timestamp_unix": 1512874800, "timestamp_unix_ms": 1512874800000, "ver": 1, "AdSize": {"type": "Small"}, "Country": "US,A", "AdType": "Search", "metric": "clicks search", "Exchange": "DoubleClick", "Clicks": 6909993404034934004, "timestamp_string": "12/10/2017 3:00:00", "agg_type": "counter"},
{"timestamp_unix": 1512878400, "timestamp_unix_ms": 1512878400000, "ver": 1, "AdSize": {"type": "Small"}, "Country": "USA", "AdType": "Display", "metric": "clicks.display", "Exchange": "DoubleClick", "Clicks": 7158.972598273843, "timestamp_string": "12/10/2017 4:00:00", "agg_type": "gauge"},
{"timestamp_unix": 1512882000, "timestamp_unix_ms": 1512882000000, "ver": 1, "AdSize": {"type": "Small"}, "Country": "USA", "AdType": "Search", "metric": "clicks search", "Exchange": "DoubleClick", "Clicks": 7235.7574, "timestamp_string": "12/10/2017 5:00:00", "agg_type": "counter"},
{"timestamp_unix": 1512885600, "timestamp_unix_ms": 1512885600000, "ver": 1, "AdSize": {"type": "Small"}, "Country": "USA", "AdType": "Display", "metric": "clicks.display", "Exchange": "DoubleClick", "Clicks": "", "timestamp_string": "12/10/2017 6:00:00", "agg_type": "gauge"},
{"timestamp_unix": 1512889200, "timestamp_unix_ms": 1512889200000, "ver": 1, "AdSize": {"type": "Small"}, "Country": "", "AdType": "Display", "metric": "clicks.display", "Exchange": "DoubleClick", "Clicks": 7427.7744, "timestamp_string": "12/10/2017 7:00:00", "agg_type": "gauge"},